C:/Users/leong/OneDrive/Documents/G051_Sample/MPU1/Middlewares/Third_Party/OpenAMP/open-amp/lib/rpmsg/rpmsg.c:239:13:rpmsg_unregister_endpoint	12	static
C:/Users/leong/OneDrive/Documents/G051_Sample/MPU1/Middlewares/Third_Party/OpenAMP/open-amp/lib/rpmsg/rpmsg.c:112:5:rpmsg_send_offchannel_raw	16	static
C:/Users/leong/OneDrive/Documents/G051_Sample/MPU1/Middlewares/Third_Party/OpenAMP/open-amp/lib/rpmsg/rpmsg.c:130:5:rpmsg_send_ns_message	64	static
C:/Users/leong/OneDrive/Documents/G051_Sample/MPU1/Middlewares/Third_Party/OpenAMP/open-amp/lib/rpmsg/rpmsg.c:147:6:rpmsg_hold_rx_buffer	0	static
C:/Users/leong/OneDrive/Documents/G051_Sample/MPU1/Middlewares/Third_Party/OpenAMP/open-amp/lib/rpmsg/rpmsg.c:160:6:rpmsg_release_rx_buffer	0	static
C:/Users/leong/OneDrive/Documents/G051_Sample/MPU1/Middlewares/Third_Party/OpenAMP/open-amp/lib/rpmsg/rpmsg.c:173:7:rpmsg_get_tx_payload_buffer	0	static
C:/Users/leong/OneDrive/Documents/G051_Sample/MPU1/Middlewares/Third_Party/OpenAMP/open-amp/lib/rpmsg/rpmsg.c:189:5:rpmsg_send_offchannel_nocopy	12	static
C:/Users/leong/OneDrive/Documents/G051_Sample/MPU1/Middlewares/Third_Party/OpenAMP/open-amp/lib/rpmsg/rpmsg.c:206:24:rpmsg_get_endpoint	32	static
C:/Users/leong/OneDrive/Documents/G051_Sample/MPU1/Middlewares/Third_Party/OpenAMP/open-amp/lib/rpmsg/rpmsg.c:252:6:rpmsg_register_endpoint	0	static
C:/Users/leong/OneDrive/Documents/G051_Sample/MPU1/Middlewares/Third_Party/OpenAMP/open-amp/lib/rpmsg/rpmsg.c:259:5:rpmsg_create_ept	24	static
C:/Users/leong/OneDrive/Documents/G051_Sample/MPU1/Middlewares/Third_Party/OpenAMP/open-amp/lib/rpmsg/rpmsg.c:322:6:rpmsg_destroy_ept	8	static
