C:/Users/leong/OneDrive/Documents/G051_Sample/MPU1/Middlewares/Third_Party/OpenAMP/virtual_driver/virt_uart.c:54:12:VIRT_UART_read_cb	8	static
C:/Users/leong/OneDrive/Documents/G051_Sample/MPU1/Middlewares/Third_Party/OpenAMP/virtual_driver/virt_uart.c:69:25:VIRT_UART_Init	16	static
C:/Users/leong/OneDrive/Documents/G051_Sample/MPU1/Middlewares/Third_Party/OpenAMP/virtual_driver/virt_uart.c:86:25:VIRT_UART_DeInit	8	static
C:/Users/leong/OneDrive/Documents/G051_Sample/MPU1/Middlewares/Third_Party/OpenAMP/virtual_driver/virt_uart.c:93:25:VIRT_UART_RegisterCallback	0	static
C:/Users/leong/OneDrive/Documents/G051_Sample/MPU1/Middlewares/Third_Party/OpenAMP/virtual_driver/virt_uart.c:113:25:VIRT_UART_Transmit	24	static
