../../Middlewares/Third_Party/OpenAMP/libmetal/lib/include/metal/io.h:161:1:metal_io_phys	8	static
C:/Users/leong/OneDrive/Documents/G051_Sample/MPU1/Middlewares/Third_Party/OpenAMP/open-amp/lib/virtio/virtqueue.c:73:5:virtqueue_create	8	static
C:/Users/leong/OneDrive/Documents/G051_Sample/MPU1/Middlewares/Third_Party/OpenAMP/open-amp/lib/virtio/virtqueue.c:121:5:virtqueue_add_buffer	56	static
C:/Users/leong/OneDrive/Documents/G051_Sample/MPU1/Middlewares/Third_Party/OpenAMP/open-amp/lib/virtio/virtqueue.c:185:7:virtqueue_get_buffer	20	static
C:/Users/leong/OneDrive/Documents/G051_Sample/MPU1/Middlewares/Third_Party/OpenAMP/open-amp/lib/virtio/virtqueue.c:223:10:virtqueue_get_buffer_length	0	static
C:/Users/leong/OneDrive/Documents/G051_Sample/MPU1/Middlewares/Third_Party/OpenAMP/open-amp/lib/virtio/virtqueue.c:235:6:virtqueue_free	8	static
C:/Users/leong/OneDrive/Documents/G051_Sample/MPU1/Middlewares/Third_Party/OpenAMP/open-amp/lib/virtio/virtqueue.c:258:7:virtqueue_get_available_buffer	32	static
C:/Users/leong/OneDrive/Documents/G051_Sample/MPU1/Middlewares/Third_Party/OpenAMP/open-amp/lib/virtio/virtqueue.c:299:5:virtqueue_add_consumed_buffer	12	static
C:/Users/leong/OneDrive/Documents/G051_Sample/MPU1/Middlewares/Third_Party/OpenAMP/open-amp/lib/virtio/virtqueue.c:342:5:virtqueue_enable_cb	0	static
C:/Users/leong/OneDrive/Documents/G051_Sample/MPU1/Middlewares/Third_Party/OpenAMP/open-amp/lib/virtio/virtqueue.c:353:6:virtqueue_disable_cb	0	static
C:/Users/leong/OneDrive/Documents/G051_Sample/MPU1/Middlewares/Third_Party/OpenAMP/open-amp/lib/virtio/virtqueue.c:395:6:virtqueue_kick	8	static
C:/Users/leong/OneDrive/Documents/G051_Sample/MPU1/Middlewares/Third_Party/OpenAMP/open-amp/lib/virtio/virtqueue.c:415:6:virtqueue_dump	40	static
C:/Users/leong/OneDrive/Documents/G051_Sample/MPU1/Middlewares/Third_Party/OpenAMP/open-amp/lib/virtio/virtqueue.c:441:10:virtqueue_get_desc_size	0	static
C:/Users/leong/OneDrive/Documents/G051_Sample/MPU1/Middlewares/Third_Party/OpenAMP/open-amp/lib/virtio/virtqueue.c:701:6:virtqueue_notification	0	static
