C:/Users/leong/OneDrive/Documents/G051_Sample/MPU1/Drivers/STM32MP1xx_HAL_Driver/Src/stm32mp1xx_hal_pwr.c:99:6:HAL_PWR_EnableBkUpAccess	0	static
C:/Users/leong/OneDrive/Documents/G051_Sample/MPU1/Drivers/STM32MP1xx_HAL_Driver/Src/stm32mp1xx_hal_pwr.c:112:6:HAL_PWR_DisableBkUpAccess	0	static
C:/Users/leong/OneDrive/Documents/G051_Sample/MPU1/Drivers/STM32MP1xx_HAL_Driver/Src/stm32mp1xx_hal_pwr.c:260:6:HAL_PWR_ConfigPVD	0	static
C:/Users/leong/OneDrive/Documents/G051_Sample/MPU1/Drivers/STM32MP1xx_HAL_Driver/Src/stm32mp1xx_hal_pwr.c:295:6:HAL_PWR_EnablePVD	0	static
C:/Users/leong/OneDrive/Documents/G051_Sample/MPU1/Drivers/STM32MP1xx_HAL_Driver/Src/stm32mp1xx_hal_pwr.c:305:6:HAL_PWR_DisablePVD	0	static
C:/Users/leong/OneDrive/Documents/G051_Sample/MPU1/Drivers/STM32MP1xx_HAL_Driver/Src/stm32mp1xx_hal_pwr.c:336:6:HAL_PWR_EnableWakeUpPin	8	static
C:/Users/leong/OneDrive/Documents/G051_Sample/MPU1/Drivers/STM32MP1xx_HAL_Driver/Src/stm32mp1xx_hal_pwr.c:398:6:HAL_PWR_DisableWakeUpPin	0	static
C:/Users/leong/OneDrive/Documents/G051_Sample/MPU1/Drivers/STM32MP1xx_HAL_Driver/Src/stm32mp1xx_hal_pwr.c:422:6:HAL_PWR_EnableWakeUpPinIT	0	static
C:/Users/leong/OneDrive/Documents/G051_Sample/MPU1/Drivers/STM32MP1xx_HAL_Driver/Src/stm32mp1xx_hal_pwr.c:466:6:HAL_PWR_DisableWakeUpPinIT	0	static
C:/Users/leong/OneDrive/Documents/G051_Sample/MPU1/Drivers/STM32MP1xx_HAL_Driver/Src/stm32mp1xx_hal_pwr.c:517:6:HAL_PWR_EnterSLEEPMode	0	static,ignoring_inline_asm
C:/Users/leong/OneDrive/Documents/G051_Sample/MPU1/Drivers/STM32MP1xx_HAL_Driver/Src/stm32mp1xx_hal_pwr.c:573:6:HAL_PWR_EnterSTOPMode	0	static,ignoring_inline_asm
C:/Users/leong/OneDrive/Documents/G051_Sample/MPU1/Drivers/STM32MP1xx_HAL_Driver/Src/stm32mp1xx_hal_pwr.c:665:6:HAL_PWR_EnterSTANDBYMode	0	static,ignoring_inline_asm
C:/Users/leong/OneDrive/Documents/G051_Sample/MPU1/Drivers/STM32MP1xx_HAL_Driver/Src/stm32mp1xx_hal_pwr.c:719:6:HAL_PWR_EnableSleepOnExit	0	static
C:/Users/leong/OneDrive/Documents/G051_Sample/MPU1/Drivers/STM32MP1xx_HAL_Driver/Src/stm32mp1xx_hal_pwr.c:734:6:HAL_PWR_DisableSleepOnExit	0	static
C:/Users/leong/OneDrive/Documents/G051_Sample/MPU1/Drivers/STM32MP1xx_HAL_Driver/Src/stm32mp1xx_hal_pwr.c:748:6:HAL_PWR_EnableSEVOnPend	0	static
C:/Users/leong/OneDrive/Documents/G051_Sample/MPU1/Drivers/STM32MP1xx_HAL_Driver/Src/stm32mp1xx_hal_pwr.c:762:6:HAL_PWR_DisableSEVOnPend	0	static
C:/Users/leong/OneDrive/Documents/G051_Sample/MPU1/Drivers/STM32MP1xx_HAL_Driver/Src/stm32mp1xx_hal_pwr.c:774:13:HAL_PWR_PVDCallback	0	static
