C:/Users/leong/OneDrive/Documents/G051_Sample/MPU1/Drivers/STM32MP1xx_HAL_Driver/Src/stm32mp1xx_hal_gpio.c:168:6:HAL_GPIO_Init	48	static
C:/Users/leong/OneDrive/Documents/G051_Sample/MPU1/Drivers/STM32MP1xx_HAL_Driver/Src/stm32mp1xx_hal_gpio.c:297:6:HAL_GPIO_DeInit	36	static
C:/Users/leong/OneDrive/Documents/G051_Sample/MPU1/Drivers/STM32MP1xx_HAL_Driver/Src/stm32mp1xx_hal_gpio.c:384:15:HAL_GPIO_ReadPin	0	static
C:/Users/leong/OneDrive/Documents/G051_Sample/MPU1/Drivers/STM32MP1xx_HAL_Driver/Src/stm32mp1xx_hal_gpio.c:418:6:HAL_GPIO_WritePin	0	static
C:/Users/leong/OneDrive/Documents/G051_Sample/MPU1/Drivers/STM32MP1xx_HAL_Driver/Src/stm32mp1xx_hal_gpio.c:440:6:HAL_GPIO_TogglePin	0	static
C:/Users/leong/OneDrive/Documents/G051_Sample/MPU1/Drivers/STM32MP1xx_HAL_Driver/Src/stm32mp1xx_hal_gpio.c:466:19:HAL_GPIO_LockPin	8	static
C:/Users/leong/OneDrive/Documents/G051_Sample/MPU1/Drivers/STM32MP1xx_HAL_Driver/Src/stm32mp1xx_hal_gpio.c:522:13:HAL_GPIO_EXTI_Rising_Callback	0	static
C:/Users/leong/OneDrive/Documents/G051_Sample/MPU1/Drivers/STM32MP1xx_HAL_Driver/Src/stm32mp1xx_hal_gpio.c:537:13:HAL_GPIO_EXTI_Falling_Callback	0	static
C:/Users/leong/OneDrive/Documents/G051_Sample/MPU1/Drivers/STM32MP1xx_HAL_Driver/Src/stm32mp1xx_hal_gpio.c:501:6:HAL_GPIO_EXTI_IRQHandler	16	static
