C:/Users/leong/OneDrive/Documents/G051_Sample/MPU1/Drivers/STM32MP1xx_HAL_Driver/Src/stm32mp1xx_hal_cortex.c:138:6:HAL_NVIC_SetPriorityGrouping	0	static
C:/Users/leong/OneDrive/Documents/G051_Sample/MPU1/Drivers/STM32MP1xx_HAL_Driver/Src/stm32mp1xx_hal_cortex.c:160:6:HAL_NVIC_SetPriority	12	static
C:/Users/leong/OneDrive/Documents/G051_Sample/MPU1/Drivers/STM32MP1xx_HAL_Driver/Src/stm32mp1xx_hal_cortex.c:182:6:HAL_NVIC_EnableIRQ	0	static,ignoring_inline_asm
C:/Users/leong/OneDrive/Documents/G051_Sample/MPU1/Drivers/STM32MP1xx_HAL_Driver/Src/stm32mp1xx_hal_cortex.c:198:6:HAL_NVIC_DisableIRQ	0	static,ignoring_inline_asm
C:/Users/leong/OneDrive/Documents/G051_Sample/MPU1/Drivers/STM32MP1xx_HAL_Driver/Src/stm32mp1xx_hal_cortex.c:211:6:HAL_NVIC_SystemReset	0	static,ignoring_inline_asm
C:/Users/leong/OneDrive/Documents/G051_Sample/MPU1/Drivers/STM32MP1xx_HAL_Driver/Src/stm32mp1xx_hal_cortex.c:224:10:HAL_SYSTICK_Config	0	static
C:/Users/leong/OneDrive/Documents/G051_Sample/MPU1/Drivers/STM32MP1xx_HAL_Driver/Src/stm32mp1xx_hal_cortex.c:254:6:HAL_MPU_ConfigRegion	8	static
C:/Users/leong/OneDrive/Documents/G051_Sample/MPU1/Drivers/STM32MP1xx_HAL_Driver/Src/stm32mp1xx_hal_cortex.c:298:10:HAL_NVIC_GetPriorityGrouping	0	static
C:/Users/leong/OneDrive/Documents/G051_Sample/MPU1/Drivers/STM32MP1xx_HAL_Driver/Src/stm32mp1xx_hal_cortex.c:325:6:HAL_NVIC_GetPriority	16	static
C:/Users/leong/OneDrive/Documents/G051_Sample/MPU1/Drivers/STM32MP1xx_HAL_Driver/Src/stm32mp1xx_hal_cortex.c:340:6:HAL_NVIC_SetPendingIRQ	0	static
C:/Users/leong/OneDrive/Documents/G051_Sample/MPU1/Drivers/STM32MP1xx_HAL_Driver/Src/stm32mp1xx_hal_cortex.c:358:10:HAL_NVIC_GetPendingIRQ	0	static
C:/Users/leong/OneDrive/Documents/G051_Sample/MPU1/Drivers/STM32MP1xx_HAL_Driver/Src/stm32mp1xx_hal_cortex.c:374:6:HAL_NVIC_ClearPendingIRQ	0	static
C:/Users/leong/OneDrive/Documents/G051_Sample/MPU1/Drivers/STM32MP1xx_HAL_Driver/Src/stm32mp1xx_hal_cortex.c:391:10:HAL_NVIC_GetActive	0	static
C:/Users/leong/OneDrive/Documents/G051_Sample/MPU1/Drivers/STM32MP1xx_HAL_Driver/Src/stm32mp1xx_hal_cortex.c:414:13:HAL_SYSTICK_Callback	0	static
C:/Users/leong/OneDrive/Documents/G051_Sample/MPU1/Drivers/STM32MP1xx_HAL_Driver/Src/stm32mp1xx_hal_cortex.c:405:6:HAL_SYSTICK_IRQHandler	8	static
