C:/Users/leong/OneDrive/Documents/G051_Sample/MPU1/Drivers/STM32MP1xx_HAL_Driver/Src/stm32mp1xx_hal_rcc.c:181:19:HAL_RCC_DeInit	16	static
C:/Users/leong/OneDrive/Documents/G051_Sample/MPU1/Drivers/STM32MP1xx_HAL_Driver/Src/stm32mp1xx_hal_rcc.c:820:19:HAL_RCC_HSEConfig	16	static
C:/Users/leong/OneDrive/Documents/G051_Sample/MPU1/Drivers/STM32MP1xx_HAL_Driver/Src/stm32mp1xx_hal_rcc.c:898:19:HAL_RCC_LSEConfig	24	static
C:/Users/leong/OneDrive/Documents/G051_Sample/MPU1/Drivers/STM32MP1xx_HAL_Driver/Src/stm32mp1xx_hal_rcc.c:955:19:RCC_PLL1_Config	16	static
C:/Users/leong/OneDrive/Documents/G051_Sample/MPU1/Drivers/STM32MP1xx_HAL_Driver/Src/stm32mp1xx_hal_rcc.c:1300:19:RCC_MPUConfig	16	static
C:/Users/leong/OneDrive/Documents/G051_Sample/MPU1/Drivers/STM32MP1xx_HAL_Driver/Src/stm32mp1xx_hal_rcc.c:1387:19:RCC_AXISSConfig	16	static
C:/Users/leong/OneDrive/Documents/G051_Sample/MPU1/Drivers/STM32MP1xx_HAL_Driver/Src/stm32mp1xx_hal_rcc.c:1632:6:HAL_RCC_MCOConfig	8	static
C:/Users/leong/OneDrive/Documents/G051_Sample/MPU1/Drivers/STM32MP1xx_HAL_Driver/Src/stm32mp1xx_hal_rcc.c:1681:6:HAL_RCC_EnableHSECSS	0	static
C:/Users/leong/OneDrive/Documents/G051_Sample/MPU1/Drivers/STM32MP1xx_HAL_Driver/Src/stm32mp1xx_hal_rcc.c:1693:6:HAL_RCC_GetOscConfig	0	static
C:/Users/leong/OneDrive/Documents/G051_Sample/MPU1/Drivers/STM32MP1xx_HAL_Driver/Src/stm32mp1xx_hal_rcc.c:1946:6:HAL_RCC_GetClockConfig	0	static
C:/Users/leong/OneDrive/Documents/G051_Sample/MPU1/Drivers/STM32MP1xx_HAL_Driver/Src/stm32mp1xx_hal_rcc.c:1986:13:HAL_RCC_GetPLL1ClockFreq	16	static
C:/Users/leong/OneDrive/Documents/G051_Sample/MPU1/Drivers/STM32MP1xx_HAL_Driver/Src/stm32mp1xx_hal_rcc.c:2044:13:HAL_RCC_GetPLL2ClockFreq	16	static
C:/Users/leong/OneDrive/Documents/G051_Sample/MPU1/Drivers/STM32MP1xx_HAL_Driver/Src/stm32mp1xx_hal_rcc.c:2101:13:HAL_RCC_GetPLL3ClockFreq	16	static
C:/Users/leong/OneDrive/Documents/G051_Sample/MPU1/Drivers/STM32MP1xx_HAL_Driver/Src/stm32mp1xx_hal_rcc.c:2160:13:HAL_RCC_GetPLL4ClockFreq	16	static
C:/Users/leong/OneDrive/Documents/G051_Sample/MPU1/Drivers/STM32MP1xx_HAL_Driver/Src/stm32mp1xx_hal_rcc.c:2440:10:RCC_GetCKPERFreq	0	static
C:/Users/leong/OneDrive/Documents/G051_Sample/MPU1/Drivers/STM32MP1xx_HAL_Driver/Src/stm32mp1xx_hal_rcc.c:2488:10:HAL_RCC_GetMPUSSFreq	24	static
C:/Users/leong/OneDrive/Documents/G051_Sample/MPU1/Drivers/STM32MP1xx_HAL_Driver/Src/stm32mp1xx_hal_rcc.c:2538:10:HAL_RCC_GetAXISSFreq	24	static
C:/Users/leong/OneDrive/Documents/G051_Sample/MPU1/Drivers/STM32MP1xx_HAL_Driver/Src/stm32mp1xx_hal_rcc.c:2309:10:HAL_RCC_GetACLKFreq	8	static
C:/Users/leong/OneDrive/Documents/G051_Sample/MPU1/Drivers/STM32MP1xx_HAL_Driver/Src/stm32mp1xx_hal_rcc.c:2269:10:HAL_RCC_GetPCLK4Freq	8	static
C:/Users/leong/OneDrive/Documents/G051_Sample/MPU1/Drivers/STM32MP1xx_HAL_Driver/Src/stm32mp1xx_hal_rcc.c:2289:10:HAL_RCC_GetPCLK5Freq	8	static
C:/Users/leong/OneDrive/Documents/G051_Sample/MPU1/Drivers/STM32MP1xx_HAL_Driver/Src/stm32mp1xx_hal_rcc.c:2330:10:HAL_RCC_GetHCLK5Freq	0	static
C:/Users/leong/OneDrive/Documents/G051_Sample/MPU1/Drivers/STM32MP1xx_HAL_Driver/Src/stm32mp1xx_hal_rcc.c:2341:10:HAL_RCC_GetHCLK6Freq	0	static
C:/Users/leong/OneDrive/Documents/G051_Sample/MPU1/Drivers/STM32MP1xx_HAL_Driver/Src/stm32mp1xx_hal_rcc.c:2574:10:HAL_RCC_GetMCUSSFreq	24	static
C:/Users/leong/OneDrive/Documents/G051_Sample/MPU1/Drivers/STM32MP1xx_HAL_Driver/Src/stm32mp1xx_hal_rcc.c:2408:10:HAL_RCC_GetMCUFreq	8	static
C:/Users/leong/OneDrive/Documents/G051_Sample/MPU1/Drivers/STM32MP1xx_HAL_Driver/Src/stm32mp1xx_hal_rcc.c:2208:10:HAL_RCC_GetPCLK1Freq	8	static
C:/Users/leong/OneDrive/Documents/G051_Sample/MPU1/Drivers/STM32MP1xx_HAL_Driver/Src/stm32mp1xx_hal_rcc.c:2229:10:HAL_RCC_GetPCLK2Freq	8	static
C:/Users/leong/OneDrive/Documents/G051_Sample/MPU1/Drivers/STM32MP1xx_HAL_Driver/Src/stm32mp1xx_hal_rcc.c:2249:10:HAL_RCC_GetPCLK3Freq	8	static
C:/Users/leong/OneDrive/Documents/G051_Sample/MPU1/Drivers/STM32MP1xx_HAL_Driver/Src/stm32mp1xx_hal_rcc.c:2352:10:HAL_RCC_GetHCLK1Freq	0	static
C:/Users/leong/OneDrive/Documents/G051_Sample/MPU1/Drivers/STM32MP1xx_HAL_Driver/Src/stm32mp1xx_hal_rcc.c:478:26:HAL_RCC_OscConfig	16	static
C:/Users/leong/OneDrive/Documents/G051_Sample/MPU1/Drivers/STM32MP1xx_HAL_Driver/Src/stm32mp1xx_hal_rcc.c:1484:19:RCC_MCUConfig	24	static
C:/Users/leong/OneDrive/Documents/G051_Sample/MPU1/Drivers/STM32MP1xx_HAL_Driver/Src/stm32mp1xx_hal_rcc.c:1153:19:HAL_RCC_ClockConfig	16	static
C:/Users/leong/OneDrive/Documents/G051_Sample/MPU1/Drivers/STM32MP1xx_HAL_Driver/Src/stm32mp1xx_hal_rcc.c:2479:10:HAL_RCC_GetSystemCoreClockFreq	0	static
C:/Users/leong/OneDrive/Documents/G051_Sample/MPU1/Drivers/STM32MP1xx_HAL_Driver/Src/stm32mp1xx_hal_rcc.c:2363:10:HAL_RCC_GetHCLK2Freq	0	static
C:/Users/leong/OneDrive/Documents/G051_Sample/MPU1/Drivers/STM32MP1xx_HAL_Driver/Src/stm32mp1xx_hal_rcc.c:2374:10:HAL_RCC_GetHCLK3Freq	0	static
C:/Users/leong/OneDrive/Documents/G051_Sample/MPU1/Drivers/STM32MP1xx_HAL_Driver/Src/stm32mp1xx_hal_rcc.c:2385:10:HAL_RCC_GetHCLK4Freq	0	static
C:/Users/leong/OneDrive/Documents/G051_Sample/MPU1/Drivers/STM32MP1xx_HAL_Driver/Src/stm32mp1xx_hal_rcc.c:2396:10:HAL_RCC_GetMLHCLKFreq	0	static
C:/Users/leong/OneDrive/Documents/G051_Sample/MPU1/Drivers/STM32MP1xx_HAL_Driver/Src/stm32mp1xx_hal_rcc.c:2429:10:HAL_RCC_GetFCLKFreq	0	static
C:/Users/leong/OneDrive/Documents/G051_Sample/MPU1/Drivers/STM32MP1xx_HAL_Driver/Src/stm32mp1xx_hal_rcc.c:2643:13:HAL_RCC_Callback	0	static
C:/Users/leong/OneDrive/Documents/G051_Sample/MPU1/Drivers/STM32MP1xx_HAL_Driver/Src/stm32mp1xx_hal_rcc.c:2610:6:HAL_RCC_IRQHandler	16	static
C:/Users/leong/OneDrive/Documents/G051_Sample/MPU1/Drivers/STM32MP1xx_HAL_Driver/Src/stm32mp1xx_hal_rcc.c:2677:13:HAL_RCC_WAKEUP_Callback	0	static
C:/Users/leong/OneDrive/Documents/G051_Sample/MPU1/Drivers/STM32MP1xx_HAL_Driver/Src/stm32mp1xx_hal_rcc.c:2659:6:HAL_RCC_WAKEUP_IRQHandler	8	static
