C:/Users/leong/OneDrive/Documents/G051_Sample/MPU1/Drivers/STM32MP1xx_HAL_Driver/Src/stm32mp1xx_hal_exti.c:151:19:HAL_EXTI_SetConfigLine	20	static
C:/Users/leong/OneDrive/Documents/G051_Sample/MPU1/Drivers/STM32MP1xx_HAL_Driver/Src/stm32mp1xx_hal_exti.c:301:19:HAL_EXTI_GetConfigLine	20	static
C:/Users/leong/OneDrive/Documents/G051_Sample/MPU1/Drivers/STM32MP1xx_HAL_Driver/Src/stm32mp1xx_hal_exti.c:410:19:HAL_EXTI_ClearConfigLine	20	static
C:/Users/leong/OneDrive/Documents/G051_Sample/MPU1/Drivers/STM32MP1xx_HAL_Driver/Src/stm32mp1xx_hal_exti.c:480:19:HAL_EXTI_RegisterCallback	0	static
C:/Users/leong/OneDrive/Documents/G051_Sample/MPU1/Drivers/STM32MP1xx_HAL_Driver/Src/stm32mp1xx_hal_exti.c:515:19:HAL_EXTI_GetHandle	0	static
C:/Users/leong/OneDrive/Documents/G051_Sample/MPU1/Drivers/STM32MP1xx_HAL_Driver/Src/stm32mp1xx_hal_exti.c:556:6:HAL_EXTI_IRQHandler	16	static
C:/Users/leong/OneDrive/Documents/G051_Sample/MPU1/Drivers/STM32MP1xx_HAL_Driver/Src/stm32mp1xx_hal_exti.c:610:10:HAL_EXTI_GetPending	8	static
C:/Users/leong/OneDrive/Documents/G051_Sample/MPU1/Drivers/STM32MP1xx_HAL_Driver/Src/stm32mp1xx_hal_exti.c:654:6:HAL_EXTI_ClearPending	0	static
C:/Users/leong/OneDrive/Documents/G051_Sample/MPU1/Drivers/STM32MP1xx_HAL_Driver/Src/stm32mp1xx_hal_exti.c:690:6:HAL_EXTI_GenerateSWI	0	static
